\BOOKMARK [1][-]{section.1}{\376\377\200\314\146\157\116\313\176\315}{}% 1
\BOOKMARK [1][-]{section.2}{\376\377\213\276\213\241\213\364\146\016}{}% 2
\BOOKMARK [2][-]{subsection.2.1}{\376\377\213\276\213\241\137\000\123\321\163\257\130\203}{section.2}% 3
\BOOKMARK [2][-]{subsection.2.2}{\376\377\217\223\121\145\217\223\121\372\116\244\116\222\220\011\142\351}{section.2}% 4
\BOOKMARK [3][-]{subsubsection.2.2.1}{\376\377\147\177\217\175\217\223\121\145}{subsection.2.2}% 5
\BOOKMARK [3][-]{subsubsection.2.2.2}{\376\377\146\076\171\072\217\223\121\372}{subsection.2.2}% 6
\BOOKMARK [2][-]{subsection.2.3}{\376\377\174\373\176\337\140\073\117\123\147\266\147\204}{section.2}% 7
\BOOKMARK [2][-]{subsection.2.4}{\376\377\137\025\201\032\176\246\147\137}{section.2}% 8
\BOOKMARK [2][-]{subsection.2.5}{\376\377\145\366\224\237\127\337\213\276\213\241}{section.2}% 9
\BOOKMARK [1][-]{section.3}{\376\377\152\041\127\127\176\323\147\204}{}% 10
\BOOKMARK [2][-]{subsection.3.1}{\376\377\135\345\172\013\145\207\116\366}{section.3}% 11
\BOOKMARK [2][-]{subsection.3.2}{\376\377\124\004\152\041\127\127\121\163\174\373\126\376}{section.3}% 12
\BOOKMARK [2][-]{subsection.3.3}{\376\377\150\070\137\303\152\041\127\127\213\346\176\306\213\364\146\016}{section.3}% 13
\BOOKMARK [3][-]{subsubsection.3.3.1}{\376\377\000g\000a\000m\000e\000\137\000t\000o\000p\000\040\040\024\000\040\000F\000P\000G\000A\000\040\230\166\134\102\152\041\127\127}{subsection.3.3}% 14
\BOOKMARK [3][-]{subsubsection.3.3.2}{\376\377\000v\000g\000a\000c\000\040\040\024\000\040\000V\000G\000A\000\040\143\247\122\066\126\150}{subsection.3.3}% 15
\BOOKMARK [3][-]{subsubsection.3.3.3}{\376\377\000v\000g\000a\000\137\000t\000o\000p\000\040\040\024\000\040\000V\000G\000A\000\040\156\062\147\323\173\241\176\277\230\166\134\102}{subsection.3.3}% 16
\BOOKMARK [3][-]{subsubsection.3.3.4}{\376\377\000g\000a\000m\000e\000\137\000l\000o\000g\000i\000c\000\040\040\024\000\040\150\070\137\303\156\070\142\017\220\073\217\221}{subsection.3.3}% 17
\BOOKMARK [3][-]{subsubsection.3.3.5}{\376\377\133\127\136\223\133\236\163\260}{subsection.3.3}% 18
\BOOKMARK [3][-]{subsubsection.3.3.6}{\376\377\156\062\147\323\126\150\152\041\127\127\145\317}{subsection.3.3}% 19
\BOOKMARK [1][-]{section.4}{\376\377\172\013\136\217\155\101\172\013}{}% 20
\BOOKMARK [2][-]{subsection.4.1}{\376\377\156\070\142\017\116\073\137\252\163\257}{section.4}% 21
\BOOKMARK [2][-]{subsection.4.2}{\376\377\000V\000G\000A\000\040\156\062\147\323\155\101\172\013}{section.4}% 22
\BOOKMARK [1][-]{section.5}{\376\377\214\003\213\325\217\307\172\013\122\006\147\220}{}% 23
\BOOKMARK [2][-]{subsection.5.1}{\376\377\213\355\154\325\116\016\176\374\124\010\214\003\213\325}{section.5}% 24
\BOOKMARK [2][-]{subsection.5.2}{\376\377\116\073\211\201\214\003\213\325\225\356\230\230\116\016\211\343\121\263\145\271\150\110}{section.5}% 25
\BOOKMARK [3][-]{subsubsection.5.2.1}{\376\377\225\356\230\230\000\040\0001\377\032\163\251\133\266\230\336\147\072\117\115\177\156\116\016\171\373\122\250\137\002\136\070}{subsection.5.2}% 26
\BOOKMARK [3][-]{subsubsection.5.2.2}{\376\377\225\356\230\230\000\040\0002\377\032\145\114\147\072\165\037\142\020\124\214\146\076\171\072\116\015\121\150}{subsection.5.2}% 27
\BOOKMARK [3][-]{subsubsection.5.2.3}{\376\377\225\356\230\230\000\040\0003\377\032\133\120\137\071\123\321\134\004\145\160\221\317\134\021}{subsection.5.2}% 28
\BOOKMARK [3][-]{subsubsection.5.2.4}{\376\377\225\356\230\230\000\040\0004\377\032\145\207\133\127\146\076\171\072\137\002\136\070}{subsection.5.2}% 29
\BOOKMARK [3][-]{subsubsection.5.2.5}{\376\377\225\356\230\230\000\040\0005\377\032\151\055\164\003\117\123\156\062\147\323\233\074\137\161\160\271}{subsection.5.2}% 30
\BOOKMARK [2][-]{subsection.5.3}{\376\377\176\374\124\010\215\104\156\220\117\177\165\050}{section.5}% 31
\BOOKMARK [1][-]{section.6}{\376\377\150\070\137\303\152\041\127\127\152\041\142\337\116\377\167\037\176\323\147\234}{}% 32
\BOOKMARK [2][-]{subsection.6.1}{\376\377\143\011\225\056\155\210\142\226\152\041\127\127\377\010\000A\000n\000t\000i\000J\000i\000t\000t\000e\000r\377\011\116\377\167\037}{section.6}% 33
\BOOKMARK [2][-]{subsection.6.2}{\376\377\156\070\142\017\220\073\217\221\152\041\127\127\377\010\000g\000a\000m\000e\000\137\000l\000o\000g\000i\000c\377\011\116\377\167\037}{section.6}% 34
\BOOKMARK [2][-]{subsection.6.3}{\376\377\000V\000G\000A\000\040\156\062\147\323\173\241\176\277\116\377\167\037}{section.6}% 35
\BOOKMARK [1][-]{section.7}{\376\377\144\315\117\134\213\364\146\016}{}% 36
\BOOKMARK [2][-]{subsection.7.1}{\376\377\156\070\142\017\124\057\122\250}{section.7}% 37
\BOOKMARK [2][-]{subsection.7.2}{\376\377\203\334\123\125\144\315\117\134}{section.7}% 38
\BOOKMARK [2][-]{subsection.7.3}{\376\377\156\070\142\017\144\315\117\134}{section.7}% 39
\BOOKMARK [2][-]{subsection.7.4}{\376\377\156\070\142\017\147\072\122\066}{section.7}% 40
\BOOKMARK [1][-]{section.8}{\376\377\232\214\213\301\217\307\172\013\157\024\171\072}{}% 41
\BOOKMARK [2][-]{subsection.8.1}{\376\377\116\012\147\177\232\214\213\301\155\101\172\013}{section.8}% 42
\BOOKMARK [2][-]{subsection.8.2}{\376\377\116\012\147\177\155\113\213\325\176\323\147\234}{section.8}% 43
\BOOKMARK [1][-]{section.9}{\376\377\172\013\136\217\116\343\170\001\377\010\121\163\225\056\220\350\122\006\377\011}{}% 44
\BOOKMARK [2][-]{subsection.9.1}{\376\377\000g\000a\000m\000e\000\137\000t\000o\000p\000\040\040\024\000\040\230\166\134\102\116\222\200\124}{section.9}% 45
\BOOKMARK [2][-]{subsection.9.2}{\376\377\000g\000a\000m\000e\000\137\000l\000o\000g\000i\000c\000\040\040\024\000\040\162\266\140\001\147\072\116\016\217\223\121\145\146\040\134\004}{section.9}% 46
\BOOKMARK [2][-]{subsection.9.3}{\376\377\000g\000a\000m\000e\000\137\000l\000o\000g\000i\000c\000\040\040\024\000\040\000F\000S\000M\000\040\162\266\140\001\217\154\143\142}{section.9}% 47
\BOOKMARK [2][-]{subsection.9.4}{\376\377\000L\000F\000S\000R\000\040\117\052\226\217\147\072\145\160\165\037\142\020}{section.9}% 48
\BOOKMARK [2][-]{subsection.9.5}{\376\377\000h\000u\000d\000\137\000r\000e\000n\000d\000e\000r\000\040\040\024\000\040\121\205\200\124\133\127\136\223\377\010\220\350\122\006\377\011}{section.9}% 49
\BOOKMARK [1][-]{section.10}{\376\377\176\304\121\205\142\020\124\130\122\006\135\345\213\364\146\016\123\312\215\041\163\056\153\324\117\213}{}% 50
\BOOKMARK [2][-]{subsection.10.1}{\376\377\142\020\124\130\122\006\135\345}{section.10}% 51
\BOOKMARK [2][-]{subsection.10.2}{\376\377\215\041\163\056\153\324\117\213}{section.10}% 52
\BOOKMARK [1][-]{section.11}{\376\377\140\073\176\323\116\016\134\125\147\033}{}% 53
\BOOKMARK [2][-]{subsection.11.1}{\376\377\230\171\166\356\140\073\176\323}{section.11}% 54
\BOOKMARK [2][-]{subsection.11.2}{\376\377\145\071\217\333\145\271\124\021}{section.11}% 55
\BOOKMARK [1][-]{section.12}{\376\377\123\302\200\003\215\104\145\231}{}% 56
