Copyright 1986-2022 Xilinx, Inc. All Rights Reserved. Copyright 2022-2025 Advanced Micro Devices, Inc. All Rights Reserved.
---------------------------------------------------------------------------------------------------------------------------------------------
| Tool Version : Vivado v.2025.1 (win64) Build 6140274 Thu May 22 00:12:29 MDT 2025
| Date         : Fri Jul  3 11:56:06 2026
| Host         : LAPTOP-6STAFKCC running 64-bit major release  (build 9200)
| Command      : report_control_sets -verbose -file game_top_control_sets_placed.rpt
| Design       : game_top
| Device       : xc7k160t
---------------------------------------------------------------------------------------------------------------------------------------------

Control Set Information

Table of Contents
-----------------
1. Summary
2. Histogram
3. Flip-Flop Distribution
4. Detailed Control Set Information

1. Summary
----------

+----------------------------------------------------------+-------+
|                          Status                          | Count |
+----------------------------------------------------------+-------+
| Total control sets                                       |    90 |
|    Minimum number of control sets                        |    90 |
|    Addition due to synthesis replication                 |     0 |
|    Addition due to physical synthesis replication        |     0 |
| Unused register locations in slices containing registers |   460 |
+----------------------------------------------------------+-------+
* Control sets can be merged at opt_design using control_set_merge or merge_equivalent_drivers
** Run report_qor_suggestions for automated merging and remapping suggestions


2. Histogram
------------

+--------------------+-------+
|       Fanout       | Count |
+--------------------+-------+
| Total control sets |    90 |
| >= 0 to < 4        |     2 |
| >= 4 to < 6        |     3 |
| >= 6 to < 8        |     4 |
| >= 8 to < 10       |    31 |
| >= 10 to < 12      |    28 |
| >= 12 to < 14      |     4 |
| >= 14 to < 16      |     1 |
| >= 16              |    17 |
+--------------------+-------+
* Control sets can be remapped at either synth_design or opt_design


3. Flip-Flop Distribution
-------------------------

+--------------+-----------------------+------------------------+-----------------+--------------+
| Clock Enable | Synchronous Set/Reset | Asynchronous Set/Reset | Total Registers | Total Slices |
+--------------+-----------------------+------------------------+-----------------+--------------+
| No           | No                    | No                     |              66 |           23 |
| No           | No                    | Yes                    |              97 |           65 |
| No           | Yes                   | No                     |              22 |           11 |
| Yes          | No                    | No                     |              92 |           25 |
| Yes          | No                    | Yes                    |             843 |          370 |
| Yes          | Yes                   | No                     |              20 |           10 |
+--------------+-----------------------+------------------------+-----------------+--------------+


4. Detailed Control Set Information
-----------------------------------

+------------------------+----------------------------------------+-------------------------------------+------------------+----------------+--------------+
|      Clock Signal      |              Enable Signal             |           Set/Reset Signal          | Slice Load Count | Bel Load Count | Bels / Slice |
+------------------------+----------------------------------------+-------------------------------------+------------------+----------------+--------------+
|  shift_reg[62]_i_2_n_0 | u_led/shift[0]_i_1__0_n_0              | u_led/oe                            |                1 |              1 |         1.00 |
|  shift_reg[62]_i_2_n_0 | u_seg7/U2/shift_reg[20]_0              | u_seg7/U2/oe                        |                1 |              1 |         1.00 |
|  clk_IBUF_BUFG         | u_keyboard/keyboard_drv/sampling       | u_game_logic/rstn                   |                1 |              4 |         4.00 |
|  clk_IBUF_BUFG         | u_keyboard/keyboard_drv/E[0]           | u_game_logic/rstn                   |                2 |              4 |         2.00 |
|  clk_IBUF_BUFG         | u_game_logic/pl_fire_cd[4]_i_1_n_0     | u_game_logic/rstn                   |                2 |              5 |         2.50 |
|  clk_IBUF_BUFG         | u_game_logic/en_y_r[23]_i_1_n_0        | u_game_logic/rstn                   |                3 |              6 |         2.00 |
|  clk_IBUF_BUFG         | u_game_logic/en_phase[23]_i_1_n_0      | u_game_logic/rstn                   |                3 |              7 |         2.33 |
|  clk_IBUF_BUFG         | u_game_logic/en_y_r[15]_i_1_n_0        | u_game_logic/rstn                   |                4 |              7 |         1.75 |
|  clk_IBUF_BUFG         | u_game_logic/en_spawn_timer[6]_i_1_n_0 | u_game_logic/rstn                   |                2 |              7 |         3.50 |
|  clk_IBUF_BUFG         | u_game_logic/pause_cooldown[7]_i_1_n_0 | u_game_logic/rstn                   |                4 |              8 |         2.00 |
|  clk_IBUF_BUFG         | u_game_logic/pl_inv[7]_i_1_n_0         | u_game_logic/rstn                   |                3 |              8 |         2.67 |
|  clk_IBUF_BUFG         | u_game_logic/total_kills[7]_i_1_n_0    | u_game_logic/rstn                   |                2 |              8 |         4.00 |
|  clk_IBUF_BUFG         | u_game_logic/en_fire_cd[23]_i_1_n_0    | u_game_logic/rstn                   |                5 |              8 |         1.60 |
|  clk_IBUF_BUFG         | u_game_logic/en_phase[15]_i_1_n_0      | u_game_logic/rstn                   |                3 |              8 |         2.67 |
|  clk_IBUF_BUFG         | u_game_logic/en_phase[7]_i_1_n_0       | u_game_logic/rstn                   |                3 |              8 |         2.67 |
|  clk_IBUF_BUFG         | u_game_logic/en_phase[31]_i_1_n_0      | u_game_logic/rstn                   |                3 |              8 |         2.67 |
|  clk_IBUF_BUFG         | u_game_logic/eb_y_r[449]_i_1_n_0       | u_game_logic/rstn                   |                3 |              9 |         3.00 |
|  clk_IBUF_BUFG         | u_game_logic/eb_y_r[26]_i_1_n_0        | u_game_logic/rstn                   |                3 |              9 |         3.00 |
|  clk_IBUF_BUFG         | u_game_logic/eb_y_r[368]_i_1_n_0       | u_game_logic/rstn                   |                5 |              9 |         1.80 |
|  clk_IBUF_BUFG         | u_game_logic/next_kills_upg[7]_i_1_n_0 | u_game_logic/rstn                   |                2 |              9 |         4.50 |
|  clk_IBUF_BUFG         | u_game_logic/eb_y_r[170]_i_1_n_0       | u_game_logic/rstn                   |                4 |              9 |         2.25 |
|  clk_IBUF_BUFG         | u_game_logic/eb_y_r[161]_i_1_n_0       | u_game_logic/rstn                   |                3 |              9 |         3.00 |
|  clk_IBUF_BUFG         | u_game_logic/eb_y_r[224]_i_1_n_0       | u_game_logic/rstn                   |                4 |              9 |         2.25 |
|  clk_IBUF_BUFG         | u_game_logic/eb_y_r[8]_i_1_n_0         | u_game_logic/rstn                   |                3 |              9 |         3.00 |
|  clk_IBUF_BUFG         | u_game_logic/eb_y_r[296]_i_1_n_0       | u_game_logic/rstn                   |                4 |              9 |         2.25 |
|  clk_IBUF_BUFG         | u_game_logic/eb_y_r[314]_i_1_n_0       | u_game_logic/rstn                   |                4 |              9 |         2.25 |
|  clk_IBUF_BUFG         | u_game_logic/eb_y_r[152]_i_1_n_0       | u_game_logic/rstn                   |                4 |              9 |         2.25 |
|  clk_IBUF_BUFG         | u_game_logic/eb_y_r[17]_i_1_n_0        | u_game_logic/rstn                   |                5 |              9 |         1.80 |
|  clk_IBUF_BUFG         | u_game_logic/eb_y_r[233]_i_1_n_0       | u_game_logic/rstn                   |                5 |              9 |         1.80 |
|  clk_IBUF_BUFG         | u_game_logic/eb_y_r[89]_i_1_n_0        | u_game_logic/rstn                   |                4 |              9 |         2.25 |
|  clk_IBUF_BUFG         | u_game_logic/eb_y_r[98]_i_1_n_0        | u_game_logic/rstn                   |                3 |              9 |         3.00 |
|  clk_IBUF_BUFG         | u_game_logic/eb_y_r[521]_i_1_n_0       | u_game_logic/rstn                   |                4 |              9 |         2.25 |
|  clk_IBUF_BUFG         | u_game_logic/eb_y_r[80]_i_1_n_0        | u_game_logic/rstn                   |                4 |              9 |         2.25 |
|  clk_IBUF_BUFG         | u_game_logic/eb_y_r[512]_i_1_n_0       | u_game_logic/rstn                   |                4 |              9 |         2.25 |
|  clk_IBUF_BUFG         | u_game_logic/pb_y_r0_out[17]           | u_game_logic/rstn                   |                4 |              9 |         2.25 |
|  clk_IBUF_BUFG         | u_game_logic/eb_y_r[377]_i_1_n_0       | u_game_logic/rstn                   |                4 |              9 |         2.25 |
|  clk_IBUF_BUFG         | u_game_logic/pb_y_r0_out[26]           | u_game_logic/rstn                   |                3 |              9 |         3.00 |
|  clk_IBUF_BUFG         | u_game_logic/eb_y_r[440]_i_1_n_0       | u_game_logic/rstn                   |                4 |              9 |         2.25 |
|  clk_IBUF_BUFG         | u_game_logic/eb_y_r[305]_i_1_n_0       | u_game_logic/rstn                   |                3 |              9 |         3.00 |
|  clk_IBUF_BUFG         | u_game_logic/pb_y_r0_out[8]            | u_game_logic/rstn                   |                3 |              9 |         3.00 |
|  clk_IBUF_BUFG         | u_game_logic/eb_x_r[29]_i_1_n_0        | u_game_logic/rstn                   |                4 |             10 |         2.50 |
|  clk_IBUF_BUFG         | u_game_logic/eb_x_r[329]_i_1_n_0       | u_game_logic/rstn                   |                6 |             10 |         1.67 |
|  clk_IBUF_BUFG         | u_game_logic/eb_x_r[339]_i_1_n_0       | u_game_logic/rstn                   |                3 |             10 |         3.33 |
|  clk_IBUF_BUFG         | u_game_logic/eb_x_r[419]_i_1_n_0       | u_game_logic/rstn                   |                5 |             10 |         2.00 |
|  clk_IBUF_BUFG         | u_game_logic/eb_x_r[349]_i_1_n_0       | u_game_logic/rstn                   |                6 |             10 |         1.67 |
|  clk_IBUF_BUFG         | u_game_logic/eb_x_r[259]_i_1_n_0       | u_game_logic/rstn                   |                8 |             10 |         1.25 |
|  clk_IBUF_BUFG         | u_game_logic/eb_x_r[489]_i_1_n_0       | u_game_logic/rstn                   |                4 |             10 |         2.50 |
|  clk_IBUF_BUFG         | u_game_logic/eb_x_r[499]_i_1_n_0       | u_game_logic/rstn                   |                5 |             10 |         2.00 |
|  clk_IBUF_BUFG         | u_game_logic/eb_x_r[569]_i_1_n_0       | u_game_logic/rstn                   |                3 |             10 |         3.33 |
|  clk_IBUF_BUFG         | u_game_logic/eb_x_r[9]_i_1_n_0         | u_game_logic/rstn                   |                6 |             10 |         1.67 |
|  clk_IBUF_BUFG         | u_game_logic/eb_x_r[99]_i_1_n_0        | u_game_logic/rstn                   |                7 |             10 |         1.43 |
|  clk_IBUF_BUFG         | u_game_logic/eb_x_r[89]_i_1_n_0        | u_game_logic/rstn                   |                9 |             10 |         1.11 |
|  clk_IBUF_BUFG         | u_game_logic/eb_x_r[579]_i_1_n_0       | u_game_logic/rstn                   |                5 |             10 |         2.00 |
|  clk_IBUF_BUFG         | u_game_logic/eb_x_r[409]_i_1_n_0       | u_game_logic/rstn                   |                4 |             10 |         2.50 |
|  clk_IBUF_BUFG         | u_game_logic/pb_x_r[9]_i_1_n_0         | u_game_logic/rstn                   |                5 |             10 |         2.00 |
|  clk_IBUF_BUFG         | u_game_logic/en_x_r[29]_i_1_n_0        | u_game_logic/rstn                   |                6 |             10 |         1.67 |
|  clk_IBUF_BUFG         | u_game_logic/en_x_r[59]_i_1_n_0        | u_game_logic/rstn                   |                4 |             10 |         2.50 |
|  clk_IBUF_BUFG         | u_game_logic/pb_x_r[19]_i_1_n_0        | u_game_logic/rstn                   |                4 |             10 |         2.50 |
|  clk_IBUF_BUFG         | u_game_logic/pb_x_r[29]_i_1_n_0        | u_game_logic/rstn                   |                5 |             10 |         2.00 |
|  clk_IBUF_BUFG         | u_game_logic/eb_x_r[19]_i_1_n_0        | u_game_logic/rstn                   |                4 |             10 |         2.50 |
|  clk_IBUF_BUFG         | u_game_logic/eb_x_r[169]_i_1_n_0       | u_game_logic/rstn                   |                3 |             10 |         3.33 |
|  clk_IBUF_BUFG         | u_game_logic/eb_x_r[189]_i_1_n_0       | u_game_logic/rstn                   |                4 |             10 |         2.50 |
|  clk_IBUF_BUFG         | u_game_logic/eb_x_r[249]_i_1_n_0       | u_game_logic/rstn                   |                7 |             10 |         1.43 |
|  clk_IBUF_BUFG         | u_game_logic/eb_x_r[179]_i_1_n_0       | u_game_logic/rstn                   |                3 |             10 |         3.33 |
|  clk_IBUF_BUFG         | u_game_logic/eb_x_r[109]_i_1_n_0       | u_game_logic/rstn                   |                3 |             10 |         3.33 |
|  vga_clk               |                                        | u_vga_top/u_vgac/h_count[9]_i_1_n_0 |                2 |             10 |         5.00 |
|  vga_clk               | u_vga_top/u_vgac/v_count               | u_game_logic/rstn                   |                3 |             10 |         3.33 |
|  clk_IBUF_BUFG         | u_game_logic/state_timer[10]_i_1_n_0   | u_game_logic/rstn                   |                4 |             11 |         2.75 |
|  clk_IBUF_BUFG         | u_keyboard/keyboard_drv/p_0_in         |                                     |                2 |             12 |         6.00 |
|  shift_reg[62]_i_2_n_0 | u_seg7/U2/shift_reg[20]_0              |                                     |                3 |             12 |         4.00 |
|  shift_reg[62]_i_2_n_0 | u_led/shift[0]_i_1__0_n_0              |                                     |                3 |             12 |         4.00 |
|  vga_clk               |                                        | u_vga_top/u_vgac/rdn                |                9 |             12 |         1.33 |
|  shift_reg[62]_i_2_n_0 | u_seg7/U2/shift[62]_i_1_n_0            | u_seg7/U2/shift[64]_i_1_n_0         |                7 |             14 |         2.00 |
|  clk_IBUF_BUFG         | u_vga_top/tick                         | u_game_logic/rstn                   |                7 |             16 |         2.29 |
|  clk_IBUF_BUFG         | u_game_logic/en_y_r[53]_i_1_n_0        | u_game_logic/rstn                   |               10 |             17 |         1.70 |
|  shift_reg[62]_i_2_n_0 | u_led/shift[16]_i_1_n_0                |                                     |                5 |             17 |         3.40 |
|  clk_IBUF_BUFG         | u_game_logic/en_x_r[19]_i_1_n_0        | u_game_logic/rstn                   |                7 |             18 |         2.57 |
|  clk_IBUF_BUFG         | u_game_logic/game_time[9]_i_1_n_0      | u_game_logic/rstn                   |                8 |             19 |         2.38 |
|  clk_IBUF_BUFG         | u_game_logic/pl_y[8]_i_1_n_0           | u_game_logic/rstn                   |                8 |             20 |         2.50 |
|  clk_IBUF_BUFG         | u_game_logic/total_score[19]_i_1_n_0   | u_game_logic/rstn                   |                8 |             20 |         2.50 |
|  clk_IBUF_BUFG         | u_game_logic/pl_x[9]_i_1_n_0           | u_game_logic/rstn                   |                9 |             22 |         2.44 |
|  vga_clk               |                                        |                                     |               10 |             23 |         2.30 |
|  clk_IBUF_BUFG         | u_game_logic/en_x_r[9]_i_1_n_0         | u_game_logic/rstn                   |               10 |             26 |         2.60 |
|  clk_IBUF_BUFG         | u_game_logic/en_x_r[69]_i_1_n_0        | u_game_logic/rstn                   |               12 |             26 |         2.17 |
|  clk_IBUF_BUFG         | u_game_logic/en_x_r[49]_i_1_n_0        | u_game_logic/rstn                   |               10 |             26 |         2.60 |
|  clk_IBUF_BUFG         | u_game_logic/en_x_r[79]_i_1_n_0        | u_game_logic/rstn                   |               13 |             27 |         2.08 |
|  clk_IBUF_BUFG         | u_game_logic/en_x_r[39]_i_1_n_0        | u_game_logic/rstn                   |               10 |             27 |         2.70 |
|  clk_IBUF_BUFG         |                                        |                                     |               13 |             43 |         3.31 |
|  shift_reg[62]_i_2_n_0 | u_seg7/U2/shift[62]_i_1_n_0            |                                     |               14 |             51 |         3.64 |
|  clk_IBUF_BUFG         |                                        | u_game_logic/rstn                   |               65 |             97 |         1.49 |
+------------------------+----------------------------------------+-------------------------------------+------------------+----------------+--------------+


