#-----------------------------------------------------------
# Vivado v2025.1 (64-bit)
# SW Build 6140274 on Thu May 22 00:12:29 MDT 2025
# IP Build 6138677 on Thu May 22 03:10:11 MDT 2025
# SharedData Build 6139179 on Tue May 20 17:58:58 MDT 2025
# Start of session at: Fri Jul  3 11:55:31 2026
# Process ID         : 73376
# Current directory  : Z:/LCDF-Project-Danmaku-shooting-game/Danmaku-Shooting/Danmaku-Shooting.runs/impl_1
# Command line       : vivado.exe -log game_top.vdi -applog -product Vivado -messageDb vivado.pb -mode batch -source game_top.tcl -notrace
# Log file           : Z:/LCDF-Project-Danmaku-shooting-game/Danmaku-Shooting/Danmaku-Shooting.runs/impl_1/game_top.vdi
# Journal file       : Z:/LCDF-Project-Danmaku-shooting-game/Danmaku-Shooting/Danmaku-Shooting.runs/impl_1\vivado.jou
# Running On         : LAPTOP-6STAFKCC
# Platform           : Windows Server 2016 or Windows 10
# Operating System   : 26100
# Processor Detail   : AMD Ryzen 9 7940HX with Radeon Graphics        
# CPU Frequency      : 2395 MHz
# CPU Physical cores : 16
# CPU Logical cores  : 32
# Host memory        : 16337 MB
# Swap memory        : 22548 MB
# Total Virtual      : 38886 MB
# Available Virtual  : 14998 MB
#-----------------------------------------------------------
source game_top.tcl -notrace
